[09:24:22] [main/INFO]: Loading Minecraft 26.1 with Fabric Loader 0.18.5
[09:24:22] [main/INFO]: Mappings not present!
[09:24:22] [main/INFO]: Loading 68 mods:
	- fabric-api 0.144.3+26.1
	   |-- fabric-api-base 2.0.3+ece0632347
	   |-- fabric-api-lookup-api-v1 2.0.10+d5a053b647
	   |-- fabric-biome-api-v1 18.0.4+35c80edc47
	   |-- fabric-block-api-v1 3.0.2+ec56b60147
	   |-- fabric-block-getter-api-v2 2.0.6+ec56b60147
	   |-- fabric-command-api-v2 3.0.5+e2bdee7847
	   |-- fabric-content-registries-v0 11.0.12+d871b99e47
	   |-- fabric-convention-tags-v2 4.3.2+c37e6e5f47
	   |-- fabric-crash-report-info-v1 1.0.3+9f78a5a847
	   |-- fabric-creative-tab-api-v1 5.0.10+d871b99e47
	   |-- fabric-data-attachment-api-v1 2.2.2+35c80edc47
	   |-- fabric-data-generation-api-v1 24.0.17+35c80edc47
	   |-- fabric-debug-api-v1 1.0.1+c792624d47
	   |-- fabric-dimensions-v1 5.1.4+9cbf5da547
	   |-- fabric-entity-events-v1 5.0.2+e2bdee7847
	   |-- fabric-events-interaction-v0 5.1.10+c82f046147
	   |-- fabric-game-rule-api-v1 4.0.5+d871b99e47
	   |-- fabric-item-api-v1 14.1.0+9833182c47
	   |-- fabric-key-mapping-api-v1 2.0.4+e2bdee7847
	   |-- fabric-lifecycle-events-v1 4.0.6+a9b9c17647
	   |-- fabric-loot-api-v3 3.0.11+00a1fba647
	   |-- fabric-menu-api-v1 2.0.12+d871b99e47
	   |-- fabric-message-api-v1 7.0.5+dae8ce3e47
	   |-- fabric-networking-api-v1 6.3.0+50a808ce47
	   |-- fabric-object-builder-api-v1 23.0.13+b61fef4347
	   |-- fabric-particles-v1 5.0.14+b61fef4347
	   |-- fabric-recipe-api-v1 9.0.13+be4b75ae47
	   |-- fabric-registry-sync-v0 7.0.12+b61fef4347
	   |-- fabric-rendering-fluids-v1 6.0.1+d871b99e47
	   |-- fabric-rendering-v1 23.0.4+10de3da347
	   |-- fabric-resource-conditions-api-v1 6.0.5+00a1fba647
	   |-- fabric-resource-loader-v0 3.3.16+4fc5413f47
	   |-- fabric-resource-loader-v1 2.0.9+d871b99e47
	   |-- fabric-screen-api-v1 5.0.1+d871b99e47
	   |-- fabric-serialization-api-v1 2.0.3+11a26f3147
	   |-- fabric-sound-api-v1 2.0.4+11a26f3147
	   |-- fabric-tag-api-v1 2.0.9+11a26f3147
	   |-- fabric-transfer-api-v1 8.0.2+d871b99e47
	   \-- fabric-transitive-access-wideners-v1 8.0.11+d871b99e47
	- fabric-language-kotlin 1.13.10+kotlin.2.3.20
	   |-- org_jetbrains_kotlin_kotlin-reflect 2.3.20
	   |-- org_jetbrains_kotlin_kotlin-stdlib 2.3.20
	   |-- org_jetbrains_kotlin_kotlin-stdlib-jdk7 2.3.20
	   |-- org_jetbrains_kotlin_kotlin-stdlib-jdk8 2.3.20
	   |-- org_jetbrains_kotlinx_atomicfu-jvm 0.32.1
	   |-- org_jetbrains_kotlinx_kotlinx-coroutines-core-jvm 1.10.2
	   |-- org_jetbrains_kotlinx_kotlinx-coroutines-jdk8 1.10.2
	   |-- org_jetbrains_kotlinx_kotlinx-datetime-jvm 0.7.1
	   |-- org_jetbrains_kotlinx_kotlinx-io-bytestring-jvm 0.9.0
	   |-- org_jetbrains_kotlinx_kotlinx-io-core-jvm 0.9.0
	   |-- org_jetbrains_kotlinx_kotlinx-serialization-cbor-jvm 1.10.0
	   |-- org_jetbrains_kotlinx_kotlinx-serialization-core-jvm 1.10.0
	   \-- org_jetbrains_kotlinx_kotlinx-serialization-json-jvm 1.10.0
	- fabricloader 0.18.5
	   \-- mixinextras 0.5.3
	- java 25
	- lithium 0.22.1+mc26.1
	- lithostitched 1.6.4
	- minecraft 26.1
	- silk-all 1.11.6
	   |-- silk-commands 1.11.6
	   |-- silk-core 1.11.6
	   |-- silk-game 1.11.6
	   |-- silk-igui 1.11.6
	   |-- silk-nbt 1.11.6
	   |-- silk-network 1.11.6
	   \-- silk-persistence 1.11.6
	- terralith 2.6.1
	- veinminer 2.5.4
	   |-- de_miraculixx_core 2.5.4
	   \-- fabric-permissions-api-v0 0.7.0
[09:24:23] [main/INFO]: SpongePowered MIXIN Subsystem Version=0.8.7 Source=file:/C:/Users/z20ma/OneDrive/Documents/!math/mincerat/sarver/libraries/net/fabricmc/sponge-mixin/0.17.0+mixin.0.8.7/sponge-mixin-0.17.0+mixin.0.8.7.jar Service=Knot/Fabric Env=SERVER
[09:24:23] [main/WARN]: The requested compatibility level JAVA_25 is higher than the level supported by the active subsystem 'Knot/Fabric' which supports JAVA_22. This is not a supported configuration and instability may occur.
[09:24:23] [main/INFO]: Compatibility level set to JAVA_25
[09:24:23] [main/INFO]: Loaded configuration file for Lithium: 168 options available, 0 override(s) found.
[09:24:24] [main/INFO]: Initializing MixinExtras via com.llamalad7.mixinextras.service.MixinExtrasServiceImpl(version=0.5.3).
[09:24:38] [main/INFO]: Initializing Silk
[09:24:38] [main/INFO]: Veinminer Version: 2.5.4 (fabric)
[09:24:38] [main/INFO]: Environment: Environment[sessionHost=https://sessionserver.mojang.com, servicesHost=https://api.minecraftservices.com, profilesHost=https://api.mojang.com, name=PROD]
[09:24:38] [DefaultDispatcher-worker-2/INFO]: [STDOUT]: [VeinminerUpdater] veinminer is outdated (26.1). Installed: 2.5.4 -> Latest: 2.6.0
[09:24:40] [main/INFO]: Loaded 1515 recipes
[09:24:40] [main/INFO]: Loaded 1617 advancements
[09:24:40] [main/INFO]: Applied 0 biome modifications to 0 of 160 new biomes in 2.860 ms
[09:24:40] [Server thread/INFO]: Initialized mcCoroutineScope (MinecraftServer as executor)
[09:24:40] [Server thread/INFO]: Starting minecraft server version 26.1
[09:24:40] [Server thread/INFO]: Loading properties
[09:24:40] [Server thread/INFO]: Default game type: SURVIVAL
[09:24:40] [Server thread/INFO]: Generating keypair
[09:24:40] [Server thread/INFO]: Starting Minecraft server on *:25565
[09:24:40] [Server thread/INFO]: Preparing level "world"
[09:24:41] [Server thread/INFO]: Loading 0 persistent chunks...
[09:24:41] [Server thread/INFO]: Preparing spawn area: 100%
[09:24:41] [Server thread/INFO]: Time elapsed: 87 ms
[09:24:41] [Server thread/INFO]: Done (0.522s)! For help, type "help"
[09:24:41] [Server thread/INFO]: Saving chunks for level 'ServerLevel[world]'/minecraft:overworld
[09:24:41] [Server thread/INFO]: Saving chunks for level 'ServerLevel[world]'/minecraft:the_end
[09:24:41] [Server thread/INFO]: Saving chunks for level 'ServerLevel[world]'/minecraft:the_nether
[09:24:41] [User Authenticator #1/INFO]: UUID of player 5tip is c00c203b-b0f5-4cfc-a215-6ce27442b9cf
[09:24:41] [Server thread/INFO]: ThreadedAnvilChunkStorage (world): All chunks are saved
[09:24:41] [Server thread/INFO]: ThreadedAnvilChunkStorage (DIM1): All chunks are saved
[09:24:41] [Server thread/INFO]: ThreadedAnvilChunkStorage (DIM-1): All chunks are saved
[09:24:41] [Server thread/INFO]: ThreadedAnvilChunkStorage: All dimensions are saved
[09:24:43] [Server thread/INFO]: 5tip[/127.0.0.1:60900] logged in with entity id 61 at (-68.37868432069375, 65.0, -222.25385863216817)
[09:24:44] [Server thread/INFO]: 5tip joined the game
[09:24:57] [Server thread/WARN]: 5tip moved too quickly! 7.864467882401705,1.3498692248828803,-6.398388078732012
[09:36:54] [Server thread/INFO]: 5tip lost connection: Disconnected
[09:36:54] [Server thread/INFO]: 5tip left the game
[09:37:54] [Server thread/INFO]: Server empty for 60 seconds, pausing
